// Jest Snapshot v1, https://goo.gl/fbAQLP

exports[`SubmitButton Function SubmitButton render properly according to the snapshot 1`] = `
<View
  accessible={true}
  focusable={true}
  onClick={[Function]}
  onResponderGrant={[Function]}
  onResponderMove={[Function]}
  onResponderRelease={[Function]}
  onResponderTerminate={[Function]}
  onResponderTerminationRequest={[Function]}
  onStartShouldSetResponder={[Function]}
  style={
    Object {
      "opacity": 1,
      "width": "85%",
    }
  }
  testID="submit-button"
>
  <View
    style={
      Array [
        Object {
          "alignItems": "center",
          "justifyContent": "center",
        },
        Object {
          "alignItems": "center",
          "backgroundColor": "#3498DB",
          "borderRadius": 10,
          "height": 50,
          "justifyContent": "center",
          "marginVertical": 10,
        },
      ]
    }
  >
    <Text
      style={
        Object {
          "color": "white",
          "fontSize": 18,
          "fontWeight": "bold",
        }
      }
    >
      Button
    </Text>
  </View>
</View>
`;
