// Jest Snapshot v1, https://goo.gl/fbAQLP

exports[`InputText Function InputText render properly according to the snapshot 1`] = `
<TextInput
  allowFontScaling={true}
  autoCorrect={false}
  maxLength={20}
  onChangeText={[Function]}
  placeholder="Enter the value"
  placeholderTextColor="#a0a0a0"
  rejectResponderTermination={true}
  returnKeyLabel="Done"
  returnKeyType="done"
  style={
    Object {
      "borderBottomColor": "#a0a0a0",
      "borderBottomWidth": 0.5,
      "color": "white",
      "fontSize": 18,
      "marginBottom": 10,
      "padding": 20,
      "width": "85%",
    }
  }
  underlineColorAndroid="transparent"
  value=""
/>
`;
